import ava from "ava";
import resolveCreateMutation from "../src/getDefaultResolvers/MutationBuilder/resolveCreateMutation";
import resolveUpdateMutation from "../src/getDefaultResolvers/MutationBuilder/resolveUpdateMutation";
import resolveDeleteMutation from "../src/getDefaultResolvers/MutationBuilder/resolveDeleteMutation";
import createTestData from "./mutationBuildTestData/createTestData";
import updateTestData from "./mutationBuildTestData/updateTestData";
import deleteTestData from "./mutationBuildTestData/deleteTestData";
import { ReturnIdHandler } from "../src/ReturnIdHandler";

ava("CREATE query", (test) => {
  const { expected, query, mutation } = createTestData;
  const returnIdHandler = new ReturnIdHandler({}, "id");
  const actual = resolveCreateMutation(query, mutation, returnIdHandler);

  test.deepEqual(actual, expected);
});

ava("UPDATE query", (test) => {
  const { expected, query, mutation } = updateTestData;
  const returnIdHandler = new ReturnIdHandler({}, "id");
  const actual = resolveUpdateMutation(query, mutation, returnIdHandler);

  test.deepEqual(actual, expected);
});

ava("DELETE query", (test) => {
  const { expected, query, mutation } = deleteTestData;
  const returnIdHandler = new ReturnIdHandler({}, "id");
  const actual = resolveDeleteMutation(query, mutation, returnIdHandler);

  test.deepEqual(actual, expected);
});
